baseerrors.adb:3:41: error: based literal base must be between 2 and 16
baseerrors.adb:4:41: error: digit out of range for the literal base
baseerrors.adb:5:41: error: missing closing '#' in based literal
baseerrors.adb:6:41: error: integer literal cannot have a negative exponent
baseerrors.adb:7:41: error: based literal is too large
baseerrors.adb:8:41: error: based literal has no digits after the point
