caseerrors.adb:16:5: error: the case leaves WED .. SUN uncovered
caseerrors.adb:21:5: error: the case leaves -2147483648 .. 0 uncovered
caseerrors.adb:21:5: error: the case leaves 3 .. 2147483647 uncovered
caseerrors.adb:29:14: error: MON is covered by an earlier choice
caseerrors.adb:35:14: error: TUE is covered by an earlier choice
caseerrors.adb:42:14: error: 9 is not a value the selector can take
caseerrors.adb:47:14: error: the range FRI .. MON is empty
caseerrors.adb:54:9: error: 'others' has to be the last alternative of a case
caseerrors.adb:59:10: error: a case selector has to be discrete, and 'Float' is not
caseerrors.adb:67:14: error: choices have to be static
